---
source: tests/smoke_test.rs
expression: "test_policy(bundle, data).await"
---
- result:
    allow: true

